// Jest Snapshot v1, https://goo.gl/fbAQLP

exports[`renders correctly 1`] = `
<DocumentFragment>
  <div
    class="weather-app"
  >
    <h1>
      Weather App
    </h1>
    <div
      class="forecast"
    >
      <h1
        class="location-details"
      >
        , 
      </h1>
      <div
        class="search-form"
      >
        <input
          type="text"
          value=""
        />
        <button
          class="search-form_button"
          type="submit"
        >
          Search
        </button>
      </div>
      <div
        class="forecast-summaries"
      />
    </div>
  </div>
</DocumentFragment>
`;
