// Jest Snapshot v1, https://goo.gl/fbAQLP

exports[`Forecast Summaries renders correctly 1`] = `
<DocumentFragment>
  <div
    class="forecast-summaries"
  >
    <div
      class="forecast-summary"
      data-testid="forecast-summary"
    >
      <div
        class="forecast-summary_date"
      >
        Mon 30th Apr
      </div>
      <div
        class="forecast-summary_temperature"
      >
        18°C
      </div>
      <div
        class="forecast-summary_description"
      >
        stub description
      </div>
      <div
        class="forecast-summary_icon"
        data-testid="forecast-icon"
      >
        <i
          class="wi wi-day-sunny"
          name="owm"
        />
      </div>
      <button
        type="button"
      >
        More details
      </button>
    </div>
    <div
      class="forecast-summary"
      data-testid="forecast-summary"
    >
      <div
        class="forecast-summary_date"
      >
        Tue 1st May
      </div>
      <div
        class="forecast-summary_temperature"
      >
        22°C
      </div>
      <div
        class="forecast-summary_description"
      >
        stub description sequel
      </div>
      <div
        class="forecast-summary_icon"
        data-testid="forecast-icon"
      >
        <i
          class="wi wi-day-thunderstorm"
          name="owm"
        />
      </div>
      <button
        type="button"
      >
        More details
      </button>
    </div>
  </div>
</DocumentFragment>
`;
